["la", "nu", "farlu", "lo", "plini", "kei", "fi'e", "la", "srasu", "jo'au", "la", "sotyge'a", "joi", "la", "gadganzu", "ni'o", "ki'ai", "ts", "lo", "gacri", "cu", "sakli", "je", "cu", "mo'u", "ga'orbi'o", "vau", "ga'u", "lo", "stedu", "be", "la", "dunra", "i", "lo", "sibli", "cu", "za'o", "sance", "se", "ja'e", "lo", "nu", "lo", "vacri", "cu", "se", "tisna", "lo", "cmaku'a", "kei", "i", "je", "ba", "bo", "bravasxu", "fa", "dy", "i", "kuspe", "lo", "cutne", "fa'a", "lo", "ri'usri", "je", "cu", "jgari", "ri", "je", "cu", "jai", "gau", "rinju", "ki'ai", "tk", "i", "lo", "xunre", "gusni", "be", "fi", "lo", "sruri", "be", "le'e", "vrogai", "cu", "co'a", "di'i", "ze'i", "akti", "ca", "lo", "nu", "sance", "fa", "zo'ei", "lo", "se", "cusku", "be", "lo", "minji", "be'o", "no'u", "lu", "o'i", "to'i", "denpa", "toi", "o'i", "sai", "i", "ba", "zi", "cecla", "li'u", "i", "dy", "noi'a", "juxre", "cu", "zgasisku", "lo", "ka", "trotci", "kei", "loi", "jorne", "be", "lo", "nerpau", "be", "loi", "bitmu", "i", "je", "ku'i", "zvafa'i", "lo", "po'o", "tadji", "be", "lo", "nu", "kargau", "lo", "canko", "noi", "crane", "dy", "i", "lu", "o'i", "cecla", "i", "ci", "i", "re", "i", "pa", "li'u", "se", "cusku", "i", "lo", "cladu'e", "savru", "cu", "se", "tirna", "dy", "se", "ja'e", "lo", "nu", "preja", "lo", "cecla", "tubnu", "ri'a", "lo", "nu", "renro", "lo", "rivli'a", "marce", "zo'ei", "lo", "kensa", "kunti", "i", "dy", "cu", "se", "lafti", "noi'a", "suksa", "je", "cu", "rinju", "cortu", "lo", "janco", "ca", "lo", "nu", "dy", "tagji", "jgari", "le'e", "dasri", "i", "ciblu", "dukse", "fa", "tu'a", "lo", "molmla", "se", "ja'e", "lo", "nu", "lo", "ciblu", "cu", "preja", "lo", "galtu", "xadba", "be", "lo", "dy", "xadni", "kei", "i", "je", "lo", "tirse", "cu", "se", "vusyga'e", "i", "dy", "cu", "se", "slabu", "lo", "nu", "sutra", "le", "ka", "sutybi'o", "kei", "fa'a", "lo", "po'o", "gapru", "je", "nai", "ku'i", "lo", "cnita", "noi'a", "se", "peisku", "be", "dy", "i", "ba", "zi", "bo", "co'a", "smaji", "dukse", "ro", "na'e", "nu", "vasxu", "fa", "dy", "i", "catke", "ja'e", "lo", "nu", "lo", "canko", "cu", "co'a", "kalri", "kei", "le'e", "batke", "i", "lo", "bartu", "cu", "manku", "mulno", "ga'a", "dy", "pu'o", "lo", "nu", "lo", "kanla", "cu", "mo'u", "frati", "fi", "nei", "i", "lo", "te", "gusni", "be", "fi", "lo", "xunre", "cu", "co'u", "se", "ganse", "ca", "lo", "nu", "dy", "de'a", "vasxu", "ja'e", "lo", "ka", "smaji", "mulno", "kei", "kei", "i", "je", "masno", "lo", "nu", "co'a", "zgana", "lo", "tarci", "poi", "te", "gusni", "se", "va'o", "lo", "manku", "pe", "lo", "kensa", "i", "ty", "carmi", "le", "ka", "skari", "ma", "kau", "noi", "so'i", "mei", "i", "lo", "blanu", "ce", "lo", "crino", "ce", "lo", "xunre", "ce", "lo", "blabi", "ce", "lo", "narju", "cu", "se", "ganse", "dy", "ca", "lo", "nu", "catlu", "lo", "jipyzi'o", "noi", "te", "gusni", "i", "masno", "co", "carna", "fa", "lo", "marce", "lo", "se", "clani", "ja'e", "lo", "nu", "lo", "pulce", "be", "fi", "lo", "brabra", "ke", "kensa", "canlu", "be'o", "noi", "sruri", "loi", "so'i", "ki'o", "so'i", "tarci", "lo", "jvinu", "cu", "co'a", "ka'e", "se", "zgana", "i", "py", "cu", "zirpu", "je", "cu", "sarlu", "te", "degji", "pe'a", "lo", "narju", "je", "lo", "pelxu", "je", "cu", "se", "tarmi", "lo", "gapcla", "dilnu", "poi", "se", "ke", "dizlo", "pagbu", "loi", "so'i", "sepli", "be", "fi", "lo", "kunti", "i", "dy", "di'a", "vasxu", "je", "cu", "cusku", "fi", "no", "da", "fe", "lu", "o'u", "ru'e", "i", "se", "gu", "ro", "drata", "gi", "lo", "munje", "cu", "melbi", "li'u", "i", "lo", "jvinu", "be", "fi", "je", "pa'o", "lo", "canko", "cu", "co'a", "blanu", "milxe", "bo", "binxo", "ca", "lo", "nu", "lo", "marce", "cu", "ca'o", "carna", "i", "simlu", "le", "ka", "nenri", "lo", "galraipau", "be", "lo", "varxamsi", "be", "lo", "cnita", "plini", "sei", "se", "peisku", "la", "dunra", "i", "ba", "zi", "bo", "se", "ja'e", "lo", "nu", "carna", "kei", "lo", "kruvi", "be", "lo", "blanu", "cu", "ka'e", "se", "zgana", "ca", "lo", "nu", "ro", "darno", "tarci", "cu", "co'u", "nei", "i", "lo", "solri", "be", "le'e", "plini", "cu", "co'a", "carmi", "dukse", "te", "gusni", "lo", "nenri", "be", "lo", "marce", "je", "cu", "jai", "gau", "narviska'e", "fai", "dy", "ze'a", "lo", "nu", "lo", "kanla", "cu", "frati", "i", "lo", "solri", "cu", "te", "gusni", "lo", "plini", "ja'e", "lo", "nu", "fendi", "lo", "sefta", "lo", "se", "gusni", "ce", "lo", "manku", "i", "bu'u", "lo", "te", "gusni", "lo", "cmana", "cu", "se", "ctino", "lo", "clani", "noi", "tunta", "lo", "manku", "ku'o", "je", "cu", "se", "sruri", "lo", "crino", "je", "xunre", "foldi", "poi", "simlu", "le", "ka", "ricfoi", "i", "ku'i", "dukse", "le", "ka", "darno", "kei", "le", "ka", "birti", "i", "lo", "brabra", "xamsi", "cu", "pi", "so'a", "si'e", "lo", "jvinu", "be", "lo", "sefta", "je", "cu", "minra", "lo", "gusni", "lo", "kanla", "be", "dy", "pa'o", "lo", "te", "sezysei", "be", "lo", "degji", "be", "lo", "pritu", "xance", "i", "suksa", "fa", "lo", "nu", "xunre", "fa", "lo", "bartu", "be", "lo", "canko", "kei", "lo", "nu", "lo", "vacri", "cu", "co'a", "banzu", "le", "ka", "glare", "kei", "le", "ka", "te", "gusni", "i", "lo", "marce", "cu", "desku", "lo", "ka", "lo", "brife", "cu", "catke", "ce'u", "kei", "ja'e", "lo", "sance", "ki'ai", "m", "i", "dy", "co'u", "pencu", "lo", "bitmu", "noi", "ze'i", "co'a", "glare", "kei", "lo", "xance", "je", "cu", "krixa", "i", "lo", "marce", "cu", "tutci", "lo", "nu", "nerkla", "lo", "varxamsi", "sei", "se", "peisku", "i", "a'o", "na", "porpi", "se", "ja'e", "le", "nu", "desku", "i", "ba", "ku", "la", "dunra", "cu", "co'a", "se", "xasne", "da", "ki'u", "lo", "nu", "lo", "nenri", "be", "lo", "marce", "cu", "co'a", "glare", "i", "lo", "sance", "be", "lo", "nu", "desku", "cu", "za'o", "zenba", "le", "ka", "cladu", "i", "ku'i", "ba", "zi", "ku", "lo", "ka", "glare", "cu", "co'a", "se", "jdika", "ca", "lo", "nu", "lo", "se", "suksa", "cu", "ka", "lo", "canko", "co'u", "se", "gusni", "fi", "lo", "glare", "xunre", "pe", "lo", "vacri", "i", "dy", "catlu", "lo", "bartu", "je", "cu", "zgana", "lo", "xamsi", "noi", "crino", "coi", "blanu", "ku'o", "ce", "lo", "brabra", "ke", "finpe", "simsa", "noi", "limna", "ra", "ku'o", "ce", "lo", "cipni", "noi", "vofli", "ga'u", "ku", "i", "ku'i", "sutra", "lo", "nu", "bancu", "lo", "nu", "ka'e", "viska", "da", "poi", "mintu", "kei", "kei", "fa", "lo", "marce", "ca", "lo", "nu", "farlu", "i", "ba", "zi", "ku", "lo", "bunre", "cu", "co'a", "se", "viska", "i", "simlu", "le", "ka", "lo", "sefta", "be", "lo", "plini", "cu", "derpesxu", "bu'u", "ta", "i", "ku'i", "bu'u", "lo", "korbi", "lo", "crino", "cu", "preja", "ze'u", "i", "sei", "se", "pensi", "dy", "se'u", "xanka", "lo", "du'u", "za'o", "sutyvofli", "i", "je", "na", "akti", "fa", "lo", "falbu'u", "i", "lo", "nu", "pensi", "cu", "suksa", "lo", "ka", "co'u", "fasnu", "kei", "se", "ja'e", "lo", "nu", "lo", "marce", "cu", "janli", "lo", "sefta", "be", "lo", "plini", "kei", "i", "je", "co'a", "nonsanji", "ni'o", "ki'ai", "ts", "la", "dunra", "cu", "kargau", "lo", "kalgai", "i", "lo", "se", "gusni", "cu", "dilnu", "lo", "danmo", "be", "lo", "spofu", "pagbu", "be", "lo", "marce", "je", "cu", "sirji", "lo", "fenra", "be", "lo", "galraipau", "be", "lo", "marce", "i", "lo", "tubnu", "poi", "pu", "si'au", "trixe", "lo", "stizu", "cu", "ca", "cpana", "lo", "tuple", "be", "dy", "je", "cu", "se", "sance", "lo", "sibli", "i", "dy", "jgari", "lo", "ri'usri", "je", "cu", "troci", "co", "jai", "gau", "co'u", "sruri", "i", "ku'i", "mutce", "le", "ka", "nandu", "kei", "i", "ba", "bo", "snada", "pu'o", "lo", "nu", "troci", "co", "sanli", "lo", "cnita", "pagbu", "be", "lo", "nenri", "be", "lo", "marce", "i", "je", "catke", "lo", "vrogai", "noi", "galtu", "je", "cu", "se", "fenra", "i", "ba'o", "lo", "nu", "ze'a", "troci", "kei", "dy", "cpare", "to'o", "lo", "galraipau", "be", "lo", "marce", "je", "cu", "farlu", "lo", "pritu", "i", "dy", "ze'i", "cfipu", "pu'o", "lo", "nu", "co'a", "sanji", "lo", "du'u", "lo", "marce", "cu", "vreta", "lo", "loldi", "i", "ca", "ku", "co'a", "sanji", "lo", "ji'a", "nu", "mutce", "cortu", "fa", "lo", "stedu", "i", "dy", "co'a", "catlu", "lo", "sruri", "je", "cu", "manci", "i", "lo", "marce", "cu", "jai", "bu'u", "fenra", "fai", "lo", "caxno", "fi'o", "sruri", "lo", "rictu'a", "noi", "salpo", "je", "poi", "cpana", "lo", "cmana", "i", "co'a", "tirna", "lo", "nu", "farlu", "fa", "lo", "djacu", "kei", "je", "cu", "klama", "lo", "krasi", "i", "je", "ba", "bo", "jvinu", "lo", "ma'arbi'i", "noi", "jai", "bu'u", "lo", "brabra", "rictu'a", "pe", "lo", "ka", "crino", "joi", "pelxu", "kei", "i", "je", "ke'a", "se", "rirxe", "lo", "muvzva", "je", "slilu", "i", "dy", "catlu", "lo", "gapru", "je", "cu", "zgana", "lo", "zirpu", "je", "blanu", "je", "narju", "tsani", "ca", "lo", "nu", "loi", "re", "solri", "cu", "canci", "ti'a", "lo", "cmana", "i", "gapru", "dy", "zi", "co'a", "ku", "se", "ga'a", "je", "fa", "lo", "nu", "damba", "i", "so'i", "crino", "ja", "xunre", "te", "gusni", "cu", "muvdu", "ca", "lo", "nu", "lo", "kesyblo", "cu", "renro", "lo", "glare", "i", "ba", "zi", "bo", "lo", "brabra", "te", "gusni", "cu", "co'a", "zvati", "ca", "lo", "nu", "lo", "kesyblo", "cu", "spoja", "i", "dy", "jinvi", "lo", "du'u", "ri", "me", "dy", "moi", "loi", "dy", "damba", "marce", "i", "pacna", "lo", "du'u", "ro", "lo", "pendo", "pe", "le'e", "marce", "cu", "snura", "i", "pu'o", "lo", "nu", "gleki", "lo", "nu", "catlu", "lo", "jvinu", "kei", "kei", "dy", "co'a", "pilno", "lo", "cradi", "lo", "nu", "sajgau", "loi", "dy", "damba", "lo", "du'u", "ma", "kau", "stuzi", "lo", "nu", "janli", "fa'o"]
